** Drc report for MARV-V2.kicad_pcb **
** Created on 2026-09-17T02:46:29 **
** Report includes: Errors, Warnings, Exclusions **

** Found 5 DRC violations **
[silk_edge_clearance]: Silkscreen clipped by board edge
    Rule: board setup constraints silk; warning
    @(76.6500 mm, 122.7500 mm): Segment on Edge.Cuts
    @(88.3000 mm, 121.1000 mm): Segment of J4 on F.Silkscreen
[silk_edge_clearance]: Silkscreen clipped by board edge
    Rule: board setup constraints silk; warning
    @(76.6500 mm, 122.7500 mm): Segment on Edge.Cuts
    @(97.7000 mm, 121.1000 mm): Segment of J4 on F.Silkscreen
[silk_edge_clearance]: Silkscreen clipped by board edge
    Rule: board setup constraints silk; warning
    @(76.6500 mm, 122.7500 mm): Segment on Edge.Cuts
    @(98.8146 mm, 119.6000 mm): Segment of J10 on B.Silkscreen
[silk_edge_clearance]: Silkscreen clipped by board edge
    Rule: board setup constraints silk; warning
    @(76.6500 mm, 122.7500 mm): Segment on Edge.Cuts
    @(98.8146 mm, 122.7000 mm): Segment of J10 on B.Silkscreen
[silk_edge_clearance]: Silkscreen clipped by board edge
    Rule: board setup constraints silk; warning
    @(76.6500 mm, 122.7500 mm): Segment on Edge.Cuts
    @(106.3146 mm, 122.7000 mm): Segment of J10 on B.Silkscreen

** Found 148 unconnected pads **
[unconnected_items]: Missing connection between items
    Local override; error
    @(74.6500 mm, 122.7500 mm): Zone 'gen:GND:F' [GND] on F.Cu, priority 0
    @(102.2300 mm, 94.5000 mm): Pad 2 [GND] of C33 on F.Cu
[unconnected_items]: Missing connection between items
    Local override; error
    @(83.4450 mm, 86.0950 mm): Pad 9 [SD_DET] of J11 on F.Cu
    @(81.5000 mm, 88.2400 mm): Pad 2 [SD_DET] of R41 on F.Cu
[unconnected_items]: Missing connection between items
    Local override; error
    @(95.8500 mm, 98.4000 mm): Pad 44 [SD_DET] of U20 on F.Cu
    @(83.4450 mm, 86.0950 mm): Pad 9 [SD_DET] of J11 on F.Cu
[unconnected_items]: Missing connection between items
    Local override; error
    @(95.8500 mm, 104.4000 mm): Pad 59 [V3V3_ANA] of U20 on F.Cu
    @(94.4800 mm, 106.7500 mm): Pad 1 [V3V3_ANA] of C40 on F.Cu
[unconnected_items]: Missing connection between items
    Local override; error
    @(106.2300 mm, 110.7500 mm): Pad 1 [V3V3_ANA] of C59 on F.Cu
    @(108.2300 mm, 110.5000 mm): Track [V3V3_ANA] on F.Cu, length 0.7800 mm
[unconnected_items]: Missing connection between items
    Local override; error
    @(106.9800 mm, 107.5000 mm): Track [V3V3_ANA] on F.Cu, length 1.4172 mm
    @(95.8500 mm, 104.4000 mm): Pad 59 [V3V3_ANA] of U20 on F.Cu
[unconnected_items]: Missing connection between items
    Local override; error
    @(76.2500 mm, 108.0000 mm): Pad 9 [VBAT] of J3 on B.Cu
    @(91.2400 mm, 104.5000 mm): Pad 1 [VBAT] of R27 on F.Cu
[unconnected_items]: Missing connection between items
    Local override; error
    @(92.2600 mm, 102.0000 mm): Pad 1 [VBAT_SENSE] of R28 on F.Cu
    @(94.4800 mm, 102.5000 mm): Pad 1 [VBAT_SENSE] of C48 on F.Cu
[unconnected_items]: Missing connection between items
    Local override; error
    @(92.2600 mm, 102.0000 mm): Pad 1 [VBAT_SENSE] of R28 on F.Cu
    @(92.2600 mm, 104.5000 mm): Pad 2 [VBAT_SENSE] of R27 on F.Cu
[unconnected_items]: Missing connection between items
    Local override; error
    @(94.4800 mm, 102.5000 mm): Pad 1 [VBAT_SENSE] of C48 on F.Cu
    @(95.8500 mm, 101.6000 mm): Pad 52 [VBAT_SENSE] of U20 on F.Cu
[unconnected_items]: Missing connection between items
    Local override; error
    @(76.2500 mm, 94.0000 mm): Pad 2 [ESC_TELEM] of J3 on B.Cu
    @(95.7400 mm, 94.5000 mm): Pad 1 [ESC_TELEM] of R54 on F.Cu
[unconnected_items]: Missing connection between items
    Local override; error
    @(96.7600 mm, 94.5000 mm): Pad 2 [ESC_TELEM_RX] of R54 on F.Cu
    @(97.0000 mm, 96.0500 mm): Pad 40 [ESC_TELEM_RX] of U20 on F.Cu
[unconnected_items]: Missing connection between items
    Local override; error
    @(109.6400 mm, 99.4000 mm): Pad 1 [BARO_CS] of TP5 on B.Cu
    @(105.7500 mm, 100.0000 mm): Pad 13 [BARO_CS] of U20 on F.Cu
[unconnected_items]: Missing connection between items
    Local override; error
    @(110.0400 mm, 99.5625 mm): Pad 6 [BARO_CS] of U22 on F.Cu
    @(109.6400 mm, 99.4000 mm): Pad 1 [BARO_CS] of TP5 on B.Cu
[unconnected_items]: Missing connection between items
    Local override; error
    @(110.0400 mm, 99.5625 mm): Pad 6 [BARO_CS] of U22 on F.Cu
    @(114.5000 mm, 98.4900 mm): Pad 2 [BARO_CS] of R50 on F.Cu
[unconnected_items]: Missing connection between items
    Local override; error
    @(88.0100 mm, 78.0000 mm): Pad 2 [SD_CMD] of R36 on F.Cu
    @(88.2800 mm, 79.9450 mm): Pad 3 [SD_CMD] of J11 on F.Cu
[unconnected_items]: Missing connection between items
    Local override; error
    @(88.2800 mm, 79.9450 mm): Pad 3 [SD_CMD] of J11 on F.Cu
    @(95.8500 mm, 98.0000 mm): Pad 43 [SD_CMD] of U20 on F.Cu
[unconnected_items]: Missing connection between items
    Local override; error
    @(92.2500 mm, 115.0550 mm): Pad B7 [USB_DM] of J4 on F.Cu
    @(93.2500 mm, 115.0550 mm): Pad A7 [USB_DM] of J4 on F.Cu
[unconnected_items]: Missing connection between items
    Local override; error
    @(93.2500 mm, 115.0550 mm): Pad A7 [USB_DM] of J4 on F.Cu
    @(99.2500 mm, 108.5100 mm): Pad 1 [USB_DM] of R23 on F.Cu
[unconnected_items]: Missing connection between items
    Local override; error
    @(99.0000 mm, 105.9500 mm): Pad 66 [USB_DM_RP] of U20 on F.Cu
    @(99.2500 mm, 107.4900 mm): Pad 2 [USB_DM_RP] of R23 on F.Cu
[unconnected_items]: Missing connection between items
    Local override; error
    @(88.3000 mm, 111.6900 mm): Pad 1 [MCU_RUN] of SW1 on F.Cu
    @(99.0000 mm, 96.0500 mm): Pad 35 [MCU_RUN] of U20 on F.Cu
[unconnected_items]: Missing connection between items
    Local override; error
    @(99.0000 mm, 96.0500 mm): Pad 35 [MCU_RUN] of U20 on F.Cu
    @(98.2500 mm, 93.2600 mm): Pad 2 [MCU_RUN] of R10 on F.Cu
[unconnected_items]: Missing connection between items
    Local override; error
    @(98.7367 mm, 111.6500 mm): Pad 1 [FLASH_CS1] of U24 on B.Cu
    @(104.2500 mm, 107.4900 mm): Pad 2 [FLASH_CS1] of R35 on F.Cu
[unconnected_items]: Missing connection between items
    Local override; error
    @(104.2500 mm, 107.4900 mm): Pad 2 [FLASH_CS1] of R35 on F.Cu
    @(103.4000 mm, 105.9500 mm): Pad 77 [FLASH_CS1] of U20 on F.Cu
[unconnected_items]: Missing connection between items
    Local override; error
    @(94.5000 mm, 107.9900 mm): Pad 2 [VREG_AVDD] of R20 on F.Cu
    @(95.7500 mm, 107.5200 mm): Pad 1 [VREG_AVDD] of C41 on F.Cu
[unconnected_items]: Missing connection between items
    Local override; error
    @(95.7500 mm, 107.5200 mm): Pad 1 [VREG_AVDD] of C41 on F.Cu
    @(97.0000 mm, 105.9500 mm): Pad 61 [VREG_AVDD] of U20 on F.Cu
[unconnected_items]: Missing connection between items
    Local override; error
    @(103.0000 mm, 96.0500 mm): Pad 25 [GPS_RX] of U20 on F.Cu
    @(118.7700 mm, 83.4900 mm): PTH pad 1 [GPS_RX] of J6
[unconnected_items]: Missing connection between items
    Local override; error
    @(102.6000 mm, 96.0500 mm): Pad 26 [GPS_TX] of U20 on F.Cu
    @(118.7700 mm, 86.0300 mm): PTH pad 2 [GPS_TX] of J6
[unconnected_items]: Missing connection between items
    Local override; error
    @(105.7500 mm, 98.8000 mm): Pad 16 [ELRS_RX] of U20 on F.Cu
    @(118.7700 mm, 88.5700 mm): PTH pad 3 [ELRS_RX] of J6
[unconnected_items]: Missing connection between items
    Local override; error
    @(105.7500 mm, 98.4000 mm): Pad 17 [ELRS_TX] of U20 on F.Cu
    @(118.7700 mm, 91.1100 mm): PTH pad 4 [ELRS_TX] of J6
[unconnected_items]: Missing connection between items
    Local override; error
    @(115.2600 mm, 90.2500 mm): Pad 2 [MAG_SDA] of R25 on F.Cu
    @(104.2000 mm, 96.0500 mm): Pad 22 [MAG_SDA] of U20 on F.Cu
[unconnected_items]: Missing connection between items
    Local override; error
    @(118.7700 mm, 93.6500 mm): PTH pad 5 [MAG_SDA] of J6
    @(115.2600 mm, 90.2500 mm): Pad 2 [MAG_SDA] of R25 on F.Cu
[unconnected_items]: Missing connection between items
    Local override; error
    @(114.7500 mm, 95.7600 mm): Pad 2 [MAG_SCL] of R26 on F.Cu
    @(103.8000 mm, 96.0500 mm): Pad 23 [MAG_SCL] of U20 on F.Cu
[unconnected_items]: Missing connection between items
    Local override; error
    @(118.7700 mm, 96.1900 mm): PTH pad 6 [MAG_SCL] of J6
    @(114.7500 mm, 95.7600 mm): Pad 2 [MAG_SCL] of R26 on F.Cu
[unconnected_items]: Missing connection between items
    Local override; error
    @(105.7500 mm, 97.2000 mm): Pad 20 [PWM5] of U20 on F.Cu
    @(118.7700 mm, 98.7300 mm): PTH pad 7 [PWM5] of J6
[unconnected_items]: Missing connection between items
    Local override; error
    @(105.7500 mm, 97.6000 mm): Pad 19 [PWM6] of U20 on F.Cu
    @(118.7700 mm, 101.2700 mm): PTH pad 8 [PWM6] of J6
[unconnected_items]: Missing connection between items
    Local override; error
    @(105.7500 mm, 99.6000 mm): Pad 14 [PWM7] of U20 on F.Cu
    @(118.7700 mm, 103.8100 mm): PTH pad 9 [PWM7] of J6
[unconnected_items]: Missing connection between items
    Local override; error
    @(105.7500 mm, 104.4000 mm): Pad 2 [PWM8] of U20 on F.Cu
    @(118.7700 mm, 106.3500 mm): PTH pad 10 [PWM8] of J6
[unconnected_items]: Missing connection between items
    Local override; error
    @(95.8500 mm, 102.8000 mm): Pad 55 [IO_GPIO44] of U20 on F.Cu
    @(118.7700 mm, 108.8900 mm): PTH pad 11 [IO_GPIO44] of J6
[unconnected_items]: Missing connection between items
    Local override; error
    @(95.8500 mm, 103.2000 mm): Pad 56 [IO_GPIO45] of U20 on F.Cu
    @(118.7700 mm, 111.4300 mm): PTH pad 12 [IO_GPIO45] of J6
[unconnected_items]: Missing connection between items
    Local override; error
    @(95.8500 mm, 103.6000 mm): Pad 57 [IO_GPIO46] of U20 on F.Cu
    @(118.7700 mm, 113.9700 mm): PTH pad 13 [IO_GPIO46] of J6
[unconnected_items]: Missing connection between items
    Local override; error
    @(95.8500 mm, 104.0000 mm): Pad 58 [IO_GPIO47] of U20 on F.Cu
    @(118.7700 mm, 116.5100 mm): PTH pad 14 [IO_GPIO47] of J6
[unconnected_items]: Missing connection between items
    Local override; error
    @(111.0400 mm, 110.5975 mm): Pad 7 [HG_ACC_CS] of U23 on F.Cu
    @(112.0400 mm, 109.0000 mm): Pad 1 [HG_ACC_CS] of TP6 on B.Cu
[unconnected_items]: Missing connection between items
    Local override; error
    @(112.0400 mm, 109.0000 mm): Pad 1 [HG_ACC_CS] of TP6 on B.Cu
    @(105.7500 mm, 104.8000 mm): Pad 1 [HG_ACC_CS] of U20 on F.Cu
[unconnected_items]: Missing connection between items
    Local override; error
    @(113.5100 mm, 97.0000 mm): Pad 2 [HG_ACC_CS] of R51 on F.Cu
    @(105.7500 mm, 104.8000 mm): Pad 1 [HG_ACC_CS] of U20 on F.Cu
[unconnected_items]: Missing connection between items
    Local override; error
    @(109.6775 mm, 103.7500 mm): Pad 4 [IMU_INT1] of U21 on F.Cu
    @(105.7500 mm, 104.0000 mm): Pad 3 [IMU_INT1] of U20 on F.Cu
[unconnected_items]: Missing connection between items
    Local override; error
    @(112.0400 mm, 106.6000 mm): Pad 1 [IMU_INT1] of TP7 on B.Cu
    @(109.6775 mm, 103.7500 mm): Pad 4 [IMU_INT1] of U21 on F.Cu
[unconnected_items]: Missing connection between items
    Local override; error
    @(105.7500 mm, 103.6000 mm): Pad 4 [IMU_CS] of U20 on F.Cu
    @(109.6400 mm, 104.2000 mm): Pad 1 [IMU_CS] of TP4 on B.Cu
[unconnected_items]: Missing connection between items
    Local override; error
    @(109.6400 mm, 104.2000 mm): Pad 1 [IMU_CS] of TP4 on B.Cu
    @(111.3400 mm, 102.0875 mm): Pad 12 [IMU_CS] of U21 on F.Cu
[unconnected_items]: Missing connection between items
    Local override; error
    @(111.3400 mm, 102.0875 mm): Pad 12 [IMU_CS] of U21 on F.Cu
    @(113.5100 mm, 100.7500 mm): Pad 2 [IMU_CS] of R48 on F.Cu
[unconnected_items]: Missing connection between items
    Local override; error
    @(105.7500 mm, 102.8000 mm): Pad 6 [SENS_MISO] of U20 on F.Cu
    @(109.6775 mm, 102.2500 mm): Pad 1 [SENS_MISO] of U21 on F.Cu
[unconnected_items]: Missing connection between items
    Local override; error
    @(109.5275 mm, 99.3000 mm): Pad 5 [SENS_MISO] of U22 on F.Cu
    @(109.6400 mm, 101.8000 mm): Pad 1 [SENS_MISO] of TP3 on B.Cu
[unconnected_items]: Missing connection between items
    Local override; error
    @(109.6775 mm, 102.2500 mm): Pad 1 [SENS_MISO] of U21 on F.Cu
    @(109.6400 mm, 101.8000 mm): Pad 1 [SENS_MISO] of TP3 on B.Cu
[unconnected_items]: Missing connection between items
    Local override; error
    @(109.6775 mm, 102.2500 mm): Pad 1 [SENS_MISO] of U21 on F.Cu
    @(112.1375 mm, 107.3000 mm): Pad 12 [SENS_MISO] of U23 on F.Cu
[unconnected_items]: Missing connection between items
    Local override; error
    @(110.0400 mm, 98.0375 mm): Pad 2 [SENS_SCK] of U22 on F.Cu
    @(110.8400 mm, 102.0875 mm): Pad 13 [SENS_SCK] of U21 on F.Cu
[unconnected_items]: Missing connection between items
    Local override; error
    @(110.8400 mm, 102.0875 mm): Pad 13 [SENS_SCK] of U21 on F.Cu
    @(112.0400 mm, 101.8000 mm): Pad 1 [SENS_SCK] of TP1 on B.Cu
[unconnected_items]: Missing connection between items
    Local override; error
    @(110.8400 mm, 102.0875 mm): Pad 13 [SENS_SCK] of U21 on F.Cu
    @(111.0400 mm, 106.4025 mm): Pad 14 [SENS_SCK] of U23 on F.Cu
[unconnected_items]: Missing connection between items
    Local override; error
    @(110.8400 mm, 102.0875 mm): Pad 13 [SENS_SCK] of U21 on F.Cu
    @(105.7500 mm, 102.0000 mm): Pad 8 [SENS_SCK] of U20 on F.Cu
[unconnected_items]: Missing connection between items
    Local override; error
    @(105.7500 mm, 101.6000 mm): Pad 9 [SENS_MOSI] of U20 on F.Cu
    @(110.3400 mm, 102.0875 mm): Pad 14 [SENS_MOSI] of U21 on F.Cu
[unconnected_items]: Missing connection between items
    Local override; error
    @(110.3400 mm, 102.0875 mm): Pad 14 [SENS_MOSI] of U21 on F.Cu
    @(112.0400 mm, 104.2000 mm): Pad 1 [SENS_MOSI] of TP2 on B.Cu
[unconnected_items]: Missing connection between items
    Local override; error
    @(110.3400 mm, 102.0875 mm): Pad 14 [SENS_MOSI] of U21 on F.Cu
    @(109.5275 mm, 98.8000 mm): Pad 4 [SENS_MOSI] of U22 on F.Cu
[unconnected_items]: Missing connection between items
    Local override; error
    @(112.1375 mm, 106.5000 mm): Pad 13 [SENS_MOSI] of U23 on F.Cu
    @(112.0400 mm, 104.2000 mm): Pad 1 [SENS_MOSI] of TP2 on B.Cu
[unconnected_items]: Missing connection between items
    Local override; error
    @(94.4800 mm, 100.0000 mm): Pad 1 [DVDD] of C44 on F.Cu
    @(92.4800 mm, 100.7500 mm): Pad 1 [DVDD] of C45 on F.Cu
[unconnected_items]: Missing connection between items
    Local override; error
    @(95.8500 mm, 101.2000 mm): Pad 51 [DVDD] of U20 on F.Cu
    @(94.4800 mm, 100.0000 mm): Pad 1 [DVDD] of C44 on F.Cu
[unconnected_items]: Missing connection between items
    Local override; error
    @(95.8500 mm, 101.2000 mm): Pad 51 [DVDD] of U20 on F.Cu
    @(100.2000 mm, 96.0500 mm): Pad 32 [DVDD] of U20 on F.Cu
[unconnected_items]: Missing connection between items
    Local override; error
    @(98.6000 mm, 105.9500 mm): Pad 65 [DVDD] of U20 on F.Cu
    @(97.5000 mm, 108.9750 mm): Pad 2 [DVDD] of L20 on F.Cu
[unconnected_items]: Missing connection between items
    Local override; error
    @(98.6000 mm, 105.9500 mm): Pad 65 [DVDD] of U20 on F.Cu
    @(95.8500 mm, 101.2000 mm): Pad 51 [DVDD] of U20 on F.Cu
[unconnected_items]: Missing connection between items
    Local override; error
    @(99.9800 mm, 94.5000 mm): Pad 1 [DVDD] of C43 on F.Cu
    @(100.2000 mm, 96.0500 mm): Pad 32 [DVDD] of U20 on F.Cu
[unconnected_items]: Missing connection between items
    Local override; error
    @(105.7500 mm, 101.2000 mm): Pad 10 [DVDD] of U20 on F.Cu
    @(107.2700 mm, 101.2500 mm): Pad 1 [DVDD] of C42 on F.Cu
[unconnected_items]: Missing connection between items
    Local override; error
    @(105.7500 mm, 101.2000 mm): Pad 10 [DVDD] of U20 on F.Cu
    @(100.2000 mm, 96.0500 mm): Pad 32 [DVDD] of U20 on F.Cu
[unconnected_items]: Missing connection between items
    Local override; error
    @(109.6400 mm, 106.6000 mm): Pad 1 [BARO_INT] of TP9 on B.Cu
    @(110.5400 mm, 99.5625 mm): Pad 7 [BARO_INT] of U22 on F.Cu
[unconnected_items]: Missing connection between items
    Local override; error
    @(110.5400 mm, 99.5625 mm): Pad 7 [BARO_INT] of U22 on F.Cu
    @(105.7500 mm, 100.4000 mm): Pad 12 [BARO_INT] of U20 on F.Cu
[unconnected_items]: Missing connection between items
    Local override; error
    @(101.0000 mm, 96.0500 mm): Pad 30 [XIN] of U20 on F.Cu
    @(101.5000 mm, 92.6500 mm): Pad 1 [XIN] of Y1 on F.Cu
[unconnected_items]: Missing connection between items
    Local override; error
    @(101.5000 mm, 92.6500 mm): Pad 1 [XIN] of Y1 on F.Cu
    @(99.6000 mm, 92.2800 mm): Pad 1 [XIN] of C46 on F.Cu
[unconnected_items]: Missing connection between items
    Local override; error
    @(100.6000 mm, 96.0500 mm): Pad 31 [XOUT] of U20 on F.Cu
    @(102.0900 mm, 89.3000 mm): Pad 1 [XOUT] of R21 on F.Cu
[unconnected_items]: Missing connection between items
    Local override; error
    @(99.8000 mm, 96.0500 mm): Pad 33 [SWCLK] of U20 on F.Cu
    @(101.1146 mm, 121.1500 mm): Pad 1 [SWCLK] of J10 on B.Cu
[unconnected_items]: Missing connection between items
    Local override; error
    @(99.4000 mm, 96.0500 mm): Pad 34 [SWDIO] of U20 on F.Cu
    @(103.1146 mm, 121.1500 mm): Pad 2 [SWDIO] of J10 on B.Cu
[unconnected_items]: Missing connection between items
    Local override; error
    @(92.6800 mm, 79.9450 mm): Pad 7 [SD_D0] of J11 on F.Cu
    @(98.6000 mm, 96.0500 mm): Pad 36 [SD_D0] of U20 on F.Cu
[unconnected_items]: Missing connection between items
    Local override; error
    @(92.7400 mm, 78.0000 mm): Pad 2 [SD_D0] of R37 on F.Cu
    @(92.6800 mm, 79.9450 mm): Pad 7 [SD_D0] of J11 on F.Cu
[unconnected_items]: Missing connection between items
    Local override; error
    @(93.7300 mm, 79.9450 mm): Pad 8 [SD_D1] of J11 on F.Cu
    @(98.2000 mm, 96.0500 mm): Pad 37 [SD_D1] of U20 on F.Cu
[unconnected_items]: Missing connection between items
    Local override; error
    @(94.9900 mm, 78.0000 mm): Pad 2 [SD_D1] of R38 on F.Cu
    @(93.7300 mm, 79.9450 mm): Pad 8 [SD_D1] of J11 on F.Cu
[unconnected_items]: Missing connection between items
    Local override; error
    @(86.0800 mm, 79.9450 mm): Pad 1 [SD_D2] of J11 on F.Cu
    @(83.5100 mm, 78.0000 mm): Pad 2 [SD_D2] of R39 on F.Cu
[unconnected_items]: Missing connection between items
    Local override; error
    @(97.8000 mm, 96.0500 mm): Pad 38 [SD_D2] of U20 on F.Cu
    @(86.0800 mm, 79.9450 mm): Pad 1 [SD_D2] of J11 on F.Cu
[unconnected_items]: Missing connection between items
    Local override; error
    @(87.1800 mm, 79.9450 mm): Pad 2 [SD_D3] of J11 on F.Cu
    @(85.7600 mm, 78.0000 mm): Pad 2 [SD_D3] of R40 on F.Cu
[unconnected_items]: Missing connection between items
    Local override; error
    @(97.4000 mm, 96.0500 mm): Pad 39 [SD_D3] of U20 on F.Cu
    @(87.1800 mm, 79.9450 mm): Pad 2 [SD_D3] of J11 on F.Cu
[unconnected_items]: Missing connection between items
    Local override; error
    @(90.4800 mm, 79.9450 mm): Pad 5 [SD_CLK] of J11 on F.Cu
    @(95.8500 mm, 97.6000 mm): Pad 42 [SD_CLK] of U20 on F.Cu
[unconnected_items]: Missing connection between items
    Local override; error
    @(76.2500 mm, 96.0000 mm): Pad 3 [PWM4] of J3 on B.Cu
    @(95.8500 mm, 98.8000 mm): Pad 45 [PWM4] of U20 on F.Cu
[unconnected_items]: Missing connection between items
    Local override; error
    @(76.2500 mm, 98.0000 mm): Pad 4 [PWM3] of J3 on B.Cu
    @(95.8500 mm, 99.6000 mm): Pad 47 [PWM3] of U20 on F.Cu
[unconnected_items]: Missing connection between items
    Local override; error
    @(76.2500 mm, 100.0000 mm): Pad 5 [PWM2] of J3 on B.Cu
    @(95.8500 mm, 100.0000 mm): Pad 48 [PWM2] of U20 on F.Cu
[unconnected_items]: Missing connection between items
    Local override; error
    @(92.2600 mm, 98.2500 mm): Pad 2 [VBUS_SENSE] of R29 on F.Cu
    @(92.2600 mm, 99.5000 mm): Pad 1 [VBUS_SENSE] of R30 on F.Cu
[unconnected_items]: Missing connection between items
    Local override; error
    @(94.4800 mm, 98.7500 mm): Pad 1 [VBUS_SENSE] of C49 on F.Cu
    @(92.2600 mm, 98.2500 mm): Pad 2 [VBUS_SENSE] of R29 on F.Cu
[unconnected_items]: Missing connection between items
    Local override; error
    @(95.8500 mm, 100.4000 mm): Pad 49 [VBUS_SENSE] of U20 on F.Cu
    @(94.4800 mm, 98.7500 mm): Pad 1 [VBUS_SENSE] of C49 on F.Cu
[unconnected_items]: Missing connection between items
    Local override; error
    @(92.2600 mm, 103.2500 mm): Pad 2 [CURR_SENSE] of R53 on F.Cu
    @(94.4800 mm, 103.7500 mm): Pad 1 [CURR_SENSE] of C78 on F.Cu
[unconnected_items]: Missing connection between items
    Local override; error
    @(94.4800 mm, 103.7500 mm): Pad 1 [CURR_SENSE] of C78 on F.Cu
    @(95.8500 mm, 102.0000 mm): Pad 53 [CURR_SENSE] of U20 on F.Cu
[unconnected_items]: Missing connection between items
    Local override; error
    @(76.2500 mm, 102.0000 mm): Pad 6 [PWM1] of J3 on B.Cu
    @(95.8500 mm, 102.4000 mm): Pad 54 [PWM1] of U20 on F.Cu
[unconnected_items]: Missing connection between items
    Local override; error
    @(97.5000 mm, 107.5250 mm): Pad 1 [VREG_LX] of L20 on F.Cu
    @(97.8000 mm, 105.9500 mm): Pad 63 [VREG_LX] of U20 on F.Cu
[unconnected_items]: Missing connection between items
    Local override; error
    @(99.4000 mm, 105.9500 mm): Pad 67 [USB_DP_RP] of U20 on F.Cu
    @(100.5000 mm, 107.4900 mm): Pad 2 [USB_DP_RP] of R22 on F.Cu
[unconnected_items]: Missing connection between items
    Local override; error
    @(100.6000 mm, 105.9500 mm): Pad 70 [QSPI_SD3] of U20 on F.Cu
    @(103.6867 mm, 110.3800 mm): Pad 7 [QSPI_SD3] of U24 on B.Cu
[unconnected_items]: Missing connection between items
    Local override; error
    @(101.0000 mm, 105.9500 mm): Pad 71 [QSPI_SCLK] of U20 on F.Cu
    @(103.6867 mm, 109.1100 mm): Pad 6 [QSPI_SCLK] of U24 on B.Cu
[unconnected_items]: Missing connection between items
    Local override; error
    @(101.4000 mm, 105.9500 mm): Pad 72 [QSPI_SD0] of U20 on F.Cu
    @(103.6867 mm, 107.8400 mm): Pad 5 [QSPI_SD0] of U24 on B.Cu
[unconnected_items]: Missing connection between items
    Local override; error
    @(98.7367 mm, 109.1100 mm): Pad 3 [QSPI_SD2] of U24 on B.Cu
    @(101.8000 mm, 105.9500 mm): Pad 73 [QSPI_SD2] of U20 on F.Cu
[unconnected_items]: Missing connection between items
    Local override; error
    @(98.7367 mm, 110.3800 mm): Pad 2 [QSPI_SD1] of U24 on B.Cu
    @(102.2000 mm, 105.9500 mm): Pad 74 [QSPI_SD1] of U20 on F.Cu
[unconnected_items]: Missing connection between items
    Local override; error
    @(101.9900 mm, 109.7500 mm): Pad 1 [QSPI_SS] of R24 on F.Cu
    @(102.6000 mm, 105.9500 mm): Pad 75 [QSPI_SS] of U20 on F.Cu
[unconnected_items]: Missing connection between items
    Local override; error
    @(109.6400 mm, 109.0000 mm): Pad 1 [HG_ACC_INT] of TP10 on B.Cu
    @(103.8000 mm, 105.9500 mm): Pad 78 [HG_ACC_INT] of U20 on F.Cu
[unconnected_items]: Missing connection between items
    Local override; error
    @(112.1375 mm, 110.5000 mm): Pad 8 [HG_ACC_INT] of U23 on F.Cu
    @(109.6400 mm, 109.0000 mm): Pad 1 [HG_ACC_INT] of TP10 on B.Cu
[unconnected_items]: Missing connection between items
    Local override; error
    @(104.2000 mm, 105.9500 mm): Pad 79 [IMU_INT2] of U20 on F.Cu
    @(112.0025 mm, 103.2500 mm): Pad 9 [IMU_INT2] of U21 on F.Cu
[unconnected_items]: Missing connection between items
    Local override; error
    @(112.0025 mm, 103.2500 mm): Pad 9 [IMU_INT2] of U21 on F.Cu
    @(112.0400 mm, 99.4000 mm): Pad 1 [IMU_INT2] of TP8 on B.Cu
[unconnected_items]: Missing connection between items
    Local override; error
    @(103.2600 mm, 121.2500 mm): Pad 1 [LED_DATA] of R55 on F.Cu
    @(104.6000 mm, 105.9500 mm): Pad 80 [LED_DATA] of U20 on F.Cu
[unconnected_items]: Missing connection between items
    Local override; error
    @(76.5000 mm, 107.4500 mm): Pad 1 [V5_SYS] of D1 on F.Cu
    @(80.5000 mm, 107.4750 mm): Pad 1 [V5_SYS] of C8 on F.Cu
[unconnected_items]: Missing connection between items
    Local override; error
    @(76.7125 mm, 105.7500 mm): Pad 2 [V5_SYS] of Q1 on F.Cu
    @(76.5000 mm, 107.4500 mm): Pad 1 [V5_SYS] of D1 on F.Cu
[unconnected_items]: Missing connection between items
    Local override; error
    @(80.5000 mm, 107.4750 mm): Pad 1 [V5_SYS] of C8 on F.Cu
    @(82.0000 mm, 107.2700 mm): Pad 1 [V5_SYS] of C9 on F.Cu
[unconnected_items]: Missing connection between items
    Local override; error
    @(82.0000 mm, 107.2700 mm): Pad 1 [V5_SYS] of C9 on F.Cu
    @(83.2500 mm, 108.2600 mm): Pad 1 [V5_SYS] of R52 on F.Cu
[unconnected_items]: Missing connection between items
    Local override; error
    @(82.0125 mm, 105.7500 mm): Pad 3 [V5_SYS] of U7 on F.Cu
    @(82.0000 mm, 107.2700 mm): Pad 1 [V5_SYS] of C9 on F.Cu
[unconnected_items]: Missing connection between items
    Local override; error
    @(100.9150 mm, 120.0000 mm): Pad 4 [V5_SYS] of D20 on F.Cu
    @(102.2700 mm, 120.0000 mm): Pad 1 [V5_SYS] of C79 on F.Cu
[unconnected_items]: Missing connection between items
    Local override; error
    @(100.9150 mm, 120.0000 mm): Pad 4 [V5_SYS] of D20 on F.Cu
    @(83.2500 mm, 108.2600 mm): Pad 1 [V5_SYS] of R52 on F.Cu
[unconnected_items]: Missing connection between items
    Local override; error
    @(102.2700 mm, 120.0000 mm): Pad 1 [V5_SYS] of C79 on F.Cu
    @(108.7300 mm, 92.5000 mm): Pad 1 [V5_SYS] of C25 on F.Cu
[unconnected_items]: Missing connection between items
    Local override; error
    @(110.3025 mm, 92.4500 mm): Pad 1 [V5_SYS] of U12 on F.Cu
    @(108.7300 mm, 92.5000 mm): Pad 1 [V5_SYS] of C25 on F.Cu
[unconnected_items]: Missing connection between items
    Local override; error
    @(82.0125 mm, 104.8000 mm): Pad 2 [U7_EN] of U7 on F.Cu
    @(83.2500 mm, 107.2400 mm): Pad 2 [U7_EN] of R52 on F.Cu
[unconnected_items]: Missing connection between items
    Local override; error
    @(94.7500 mm, 115.0550 mm): Pad B5 [USB_CC2] of J4 on F.Cu
    @(99.2500 mm, 115.5100 mm): Pad 1 [USB_CC2] of R5 on F.Cu
[unconnected_items]: Missing connection between items
    Local override; error
    @(100.9150 mm, 121.1000 mm): Pad 3 [LED_DIN] of D20 on F.Cu
    @(102.2400 mm, 121.2500 mm): Pad 2 [LED_DIN] of R55 on F.Cu
[unconnected_items]: Missing connection between items
    Local override; error
    @(86.7500 mm, 115.5100 mm): Pad 1 [USB_CC1] of R4 on F.Cu
    @(91.7500 mm, 115.0550 mm): Pad A5 [USB_CC1] of J4 on F.Cu
[unconnected_items]: Missing connection between items
    Local override; error
    @(76.5000 mm, 102.2600 mm): Pad 1 [USB_VBUS] of R7 on F.Cu
    @(76.7125 mm, 103.8500 mm): Pad 1 [USB_VBUS] of Q1 on F.Cu
[unconnected_items]: Missing connection between items
    Local override; error
    @(76.5000 mm, 109.5500 mm): Pad 2 [USB_VBUS] of D1 on F.Cu
    @(85.0000 mm, 108.2300 mm): Pad 1 [USB_VBUS] of C7 on F.Cu
[unconnected_items]: Missing connection between items
    Local override; error
    @(76.7125 mm, 103.8500 mm): Pad 1 [USB_VBUS] of Q1 on F.Cu
    @(76.5000 mm, 109.5500 mm): Pad 2 [USB_VBUS] of D1 on F.Cu
[unconnected_items]: Missing connection between items
    Local override; error
    @(85.0000 mm, 108.2300 mm): Pad 1 [USB_VBUS] of C7 on F.Cu
    @(90.5500 mm, 115.0550 mm): Pad B9 [USB_VBUS] of J4 on F.Cu
[unconnected_items]: Missing connection between items
    Local override; error
    @(90.5500 mm, 115.0550 mm): Pad B9 [USB_VBUS] of J4 on F.Cu
    @(95.4500 mm, 115.0550 mm): Pad A9 [USB_VBUS] of J4 on F.Cu
[unconnected_items]: Missing connection between items
    Local override; error
    @(91.2400 mm, 98.2500 mm): Pad 1 [USB_VBUS] of R29 on F.Cu
    @(85.0000 mm, 108.2300 mm): Pad 1 [USB_VBUS] of C7 on F.Cu
[unconnected_items]: Missing connection between items
    Local override; error
    @(76.2500 mm, 104.0000 mm): Pad 7 [5V_IN] of J3 on B.Cu
    @(78.5875 mm, 104.8000 mm): Pad 3 [5V_IN] of Q1 on F.Cu
[unconnected_items]: Missing connection between items
    Local override; error
    @(79.0000 mm, 101.7900 mm): Pad 1 [5V_IN] of C19 on F.Cu
    @(78.5875 mm, 104.8000 mm): Pad 3 [5V_IN] of Q1 on F.Cu
[unconnected_items]: Missing connection between items
    Local override; error
    @(79.0000 mm, 101.7900 mm): Pad 1 [5V_IN] of C19 on F.Cu
    @(110.2250 mm, 89.5000 mm): Pad 1 [5V_IN] of C20 on F.Cu
[unconnected_items]: Missing connection between items
    Local override; error
    @(113.5000 mm, 88.7750 mm): Pad 1 [5V_IN] of C21 on F.Cu
    @(110.2250 mm, 89.5000 mm): Pad 1 [5V_IN] of C20 on F.Cu
[unconnected_items]: Missing connection between items
    Local override; error
    @(121.3100 mm, 86.0300 mm): PTH pad 2 [5V_IN] of J7
    @(121.3100 mm, 83.4900 mm): PTH pad 1 [5V_IN] of J7
[unconnected_items]: Missing connection between items
    Local override; error
    @(121.3100 mm, 88.5700 mm): PTH pad 3 [5V_IN] of J7
    @(121.3100 mm, 86.0300 mm): PTH pad 2 [5V_IN] of J7
[unconnected_items]: Missing connection between items
    Local override; error
    @(121.3100 mm, 88.5700 mm): PTH pad 3 [5V_IN] of J7
    @(113.5000 mm, 88.7750 mm): Pad 1 [5V_IN] of C21 on F.Cu
[unconnected_items]: Missing connection between items
    Local override; error
    @(121.3100 mm, 91.1100 mm): PTH pad 4 [5V_IN] of J7
    @(121.3100 mm, 88.5700 mm): PTH pad 3 [5V_IN] of J7
[unconnected_items]: Missing connection between items
    Local override; error
    @(121.3100 mm, 98.7300 mm): PTH pad 7 [5V_IN] of J7
    @(121.3100 mm, 91.1100 mm): PTH pad 4 [5V_IN] of J7
[unconnected_items]: Missing connection between items
    Local override; error
    @(121.3100 mm, 101.2700 mm): PTH pad 8 [5V_IN] of J7
    @(121.3100 mm, 98.7300 mm): PTH pad 7 [5V_IN] of J7
[unconnected_items]: Missing connection between items
    Local override; error
    @(121.3100 mm, 103.8100 mm): PTH pad 9 [5V_IN] of J7
    @(121.3100 mm, 101.2700 mm): PTH pad 8 [5V_IN] of J7
[unconnected_items]: Missing connection between items
    Local override; error
    @(121.3100 mm, 106.3500 mm): PTH pad 10 [5V_IN] of J7
    @(121.3100 mm, 103.8100 mm): PTH pad 9 [5V_IN] of J7
[unconnected_items]: Missing connection between items
    Local override; error
    @(103.1100 mm, 89.3000 mm): Pad 2 [XTAL_DRV] of R21 on F.Cu
    @(103.7000 mm, 90.9500 mm): Pad 3 [XTAL_DRV] of Y1 on F.Cu
[unconnected_items]: Missing connection between items
    Local override; error
    @(103.7000 mm, 90.9500 mm): Pad 3 [XTAL_DRV] of Y1 on F.Cu
    @(105.6000 mm, 92.2800 mm): Pad 1 [XTAL_DRV] of C47 on F.Cu
[unconnected_items]: Missing connection between items
    Local override; error
    @(92.7500 mm, 115.0550 mm): Pad A6 [USB_DP] of J4 on F.Cu
    @(93.7500 mm, 115.0550 mm): Pad B6 [USB_DP] of J4 on F.Cu
[unconnected_items]: Missing connection between items
    Local override; error
    @(93.7500 mm, 115.0550 mm): Pad B6 [USB_DP] of J4 on F.Cu
    @(100.5000 mm, 108.5100 mm): Pad 1 [USB_DP] of R22 on F.Cu
[unconnected_items]: Missing connection between items
    Local override; error
    @(94.1000 mm, 111.6900 mm): Pad 1 [BOOT_BTN] of SW2 on F.Cu
    @(103.0100 mm, 109.7500 mm): Pad 2 [BOOT_BTN] of R24 on F.Cu
[unconnected_items]: Missing connection between items
    Local override; error
    @(76.2500 mm, 92.0000 mm): Pad 1 [CURR_SENSE_RAW] of J3 on B.Cu
    @(91.2400 mm, 103.2500 mm): Pad 1 [CURR_SENSE_RAW] of R53 on F.Cu
[unconnected_items]: Missing connection between items
    Local override; error
    @(84.2875 mm, 104.8000 mm): Pad 5 [U7_SW] of U7 on F.Cu
    @(86.8000 mm, 104.8000 mm): Pad 1 [U7_SW] of L2 on F.Cu
[unconnected_items]: Missing connection between items
    Local override; error
    @(85.0000 mm, 101.2700 mm): Pad 2 [U7_SW] of C13 on F.Cu
    @(84.2875 mm, 104.8000 mm): Pad 5 [U7_SW] of U7 on F.Cu
[unconnected_items]: Missing connection between items
    Local override; error
    @(84.2875 mm, 103.8500 mm): Pad 6 [U7_BST] of U7 on F.Cu
    @(85.0000 mm, 102.2300 mm): Pad 1 [U7_BST] of C13 on F.Cu

** Found 0 Footprint errors **

** Ignored checks **
    - Footprint has no courtyard defined
    - Track endpoint not centered on via
    - Tuning profile track geometries
    - Footprint doesn't match symbol's footprint filters
    - Footprint component type doesn't match footprint pads

** End of Report **
