ERC report (2026-09-16T19:44:20, Encoding UTF8)
Report includes: Errors, Warnings, Exclusions

***** Sheet /

***** Sheet /POWER 1 / ESC pad row, VBAT and the 5 V buck/

***** Sheet /POWER 2 / TPS2121 priority power mux/

***** Sheet /POWER 3 / 3.3 V system buck and analog LDO/

***** Sheet /BOARD 1 / RP2354B/

***** Sheet /BOARD 5 / USB-C, ESD, SWD pads/

***** Sheet /BOARD 2 / ICM-45686 six-axis IMU/

***** Sheet /BOARD 2 / BMP581 barometer/

***** Sheet /BOARD 2 / ADXL375 high-g accelerometer/

***** Sheet /BOARD 3 / microSD socket/

***** Sheet /BOARD 3 / optional QSPI expansion socket (DNP)/

***** Sheet /BOARD 4 / IO array, status LED, mounting holes/

 ** ERC messages: 0  Errors 0  Warnings 0

 ** Ignored checks:
    - Global label only appears once in the schematic
    - Four connection points are joined together
    - SPICE model issue
    - Assigned footprint doesn't match footprint filters
